[2025-08-24T13:29:19.960+0530][gc] Using G1
[2025-08-24T13:29:19.961+0530][gc,init] Version: 17.0.10+11-LTS-240 (release)
[2025-08-24T13:29:19.961+0530][gc,init] CPUs: 10 total, 10 available
[2025-08-24T13:29:19.961+0530][gc,init] Memory: 16384M
[2025-08-24T13:29:19.961+0530][gc,init] Large Page Support: Disabled
[2025-08-24T13:29:19.961+0530][gc,init] NUMA Support: Disabled
[2025-08-24T13:29:19.961+0530][gc,init] Compressed Oops: Enabled (Zero based)
[2025-08-24T13:29:19.961+0530][gc,init] Heap Region Size: 1M
[2025-08-24T13:29:19.961+0530][gc,init] Heap Min Capacity: 1G
[2025-08-24T13:29:19.961+0530][gc,init] Heap Initial Capacity: 1G
[2025-08-24T13:29:19.961+0530][gc,init] Heap Max Capacity: 1G
[2025-08-24T13:29:19.961+0530][gc,init] Pre-touch: Disabled
[2025-08-24T13:29:19.961+0530][gc,init] Parallel Workers: 9
[2025-08-24T13:29:19.961+0530][gc,init] Concurrent Workers: 2
[2025-08-24T13:29:19.961+0530][gc,init] Concurrent Refinement Workers: 9
[2025-08-24T13:29:19.961+0530][gc,init] Periodic GC: Disabled
[2025-08-24T13:29:19.963+0530][gc,metaspace] CDS archive(s) mapped at: [0x0000000300000000-0x0000000300be0000-0x0000000300be0000), size 12451840, SharedBaseAddress: 0x0000000300000000, ArchiveRelocationMode: 1.
[2025-08-24T13:29:19.963+0530][gc,metaspace] Compressed class space mapped at: 0x0000000301000000-0x0000000341000000, reserved size: 1073741824
[2025-08-24T13:29:19.963+0530][gc,metaspace] Narrow klass base: 0x0000000300000000, Narrow klass shift: 0, Narrow klass range: 0x100000000
[2025-08-24T13:29:20.511+0530][gc,start    ] GC(0) Pause Young (Normal) (G1 Evacuation Pause)
[2025-08-24T13:29:20.511+0530][gc,task     ] GC(0) Using 9 workers of 9 for evacuation
[2025-08-24T13:29:20.513+0530][gc,phases   ] GC(0)   Pre Evacuate Collection Set: 0.1ms
[2025-08-24T13:29:20.513+0530][gc,phases   ] GC(0)   Merge Heap Roots: 0.0ms
[2025-08-24T13:29:20.513+0530][gc,phases   ] GC(0)   Evacuate Collection Set: 1.6ms
[2025-08-24T13:29:20.513+0530][gc,phases   ] GC(0)   Post Evacuate Collection Set: 0.2ms
[2025-08-24T13:29:20.513+0530][gc,phases   ] GC(0)   Other: 0.2ms
[2025-08-24T13:29:20.513+0530][gc,heap     ] GC(0) Eden regions: 51->0(44)
[2025-08-24T13:29:20.513+0530][gc,heap     ] GC(0) Survivor regions: 0->7(7)
[2025-08-24T13:29:20.513+0530][gc,heap     ] GC(0) Old regions: 0->2
[2025-08-24T13:29:20.513+0530][gc,heap     ] GC(0) Archive regions: 2->2
[2025-08-24T13:29:20.513+0530][gc,heap     ] GC(0) Humongous regions: 0->0
[2025-08-24T13:29:20.513+0530][gc,metaspace] GC(0) Metaspace: 17527K(17728K)->17527K(17728K) NonClass: 15399K(15488K)->15399K(15488K) Class: 2127K(2240K)->2127K(2240K)
[2025-08-24T13:29:20.513+0530][gc          ] GC(0) Pause Young (Normal) (G1 Evacuation Pause) 51M->9M(1024M) 2.159ms
[2025-08-24T13:29:20.513+0530][gc,cpu      ] GC(0) User=0.01s Sys=0.00s Real=0.00s
[2025-08-24T13:29:20.616+0530][gc,start    ] GC(1) Pause Young (Concurrent Start) (Metadata GC Threshold)
[2025-08-24T13:29:20.616+0530][gc,task     ] GC(1) Using 9 workers of 9 for evacuation
[2025-08-24T13:29:20.618+0530][gc,phases   ] GC(1)   Pre Evacuate Collection Set: 0.1ms
[2025-08-24T13:29:20.618+0530][gc,phases   ] GC(1)   Merge Heap Roots: 0.0ms
[2025-08-24T13:29:20.618+0530][gc,phases   ] GC(1)   Evacuate Collection Set: 1.3ms
[2025-08-24T13:29:20.618+0530][gc,phases   ] GC(1)   Post Evacuate Collection Set: 0.1ms
[2025-08-24T13:29:20.618+0530][gc,phases   ] GC(1)   Other: 0.1ms
[2025-08-24T13:29:20.618+0530][gc,heap     ] GC(1) Eden regions: 16->0(49)
[2025-08-24T13:29:20.618+0530][gc,heap     ] GC(1) Survivor regions: 7->2(7)
[2025-08-24T13:29:20.618+0530][gc,heap     ] GC(1) Old regions: 2->8
[2025-08-24T13:29:20.618+0530][gc,heap     ] GC(1) Archive regions: 2->2
[2025-08-24T13:29:20.618+0530][gc,heap     ] GC(1) Humongous regions: 129->129
[2025-08-24T13:29:20.618+0530][gc,metaspace] GC(1) Metaspace: 21311K(21504K)->21311K(21504K) NonClass: 18717K(18816K)->18717K(18816K) Class: 2593K(2688K)->2593K(2688K)
[2025-08-24T13:29:20.618+0530][gc          ] GC(1) Pause Young (Concurrent Start) (Metadata GC Threshold) 154M->139M(1024M) 1.678ms
[2025-08-24T13:29:20.618+0530][gc,cpu      ] GC(1) User=0.01s Sys=0.00s Real=0.00s
[2025-08-24T13:29:20.618+0530][gc          ] GC(2) Concurrent Mark Cycle
[2025-08-24T13:29:20.618+0530][gc,marking  ] GC(2) Concurrent Clear Claimed Marks
[2025-08-24T13:29:20.618+0530][gc,marking  ] GC(2) Concurrent Clear Claimed Marks 0.007ms
[2025-08-24T13:29:20.618+0530][gc,marking  ] GC(2) Concurrent Scan Root Regions
[2025-08-24T13:29:20.619+0530][gc,marking  ] GC(2) Concurrent Scan Root Regions 0.942ms
[2025-08-24T13:29:20.619+0530][gc,marking  ] GC(2) Concurrent Mark
[2025-08-24T13:29:20.619+0530][gc,marking  ] GC(2) Concurrent Mark From Roots
[2025-08-24T13:29:20.619+0530][gc,task     ] GC(2) Using 2 workers of 2 for marking
[2025-08-24T13:29:20.620+0530][gc,marking  ] GC(2) Concurrent Mark From Roots 0.741ms
[2025-08-24T13:29:20.620+0530][gc,marking  ] GC(2) Concurrent Preclean
[2025-08-24T13:29:20.620+0530][gc,marking  ] GC(2) Concurrent Preclean 0.011ms
[2025-08-24T13:29:20.620+0530][gc,start    ] GC(2) Pause Remark
[2025-08-24T13:29:20.620+0530][gc          ] GC(2) Pause Remark 140M->140M(1024M) 0.604ms
[2025-08-24T13:29:20.620+0530][gc,cpu      ] GC(2) User=0.00s Sys=0.00s Real=0.00s
[2025-08-24T13:29:20.620+0530][gc,marking  ] GC(2) Concurrent Mark 1.422ms
[2025-08-24T13:29:20.620+0530][gc,marking  ] GC(2) Concurrent Rebuild Remembered Sets
[2025-08-24T13:29:20.620+0530][gc,marking  ] GC(2) Concurrent Rebuild Remembered Sets 0.003ms
[2025-08-24T13:29:20.620+0530][gc,start    ] GC(2) Pause Cleanup
[2025-08-24T13:29:20.620+0530][gc          ] GC(2) Pause Cleanup 140M->140M(1024M) 0.006ms
[2025-08-24T13:29:20.620+0530][gc,cpu      ] GC(2) User=0.00s Sys=0.00s Real=0.00s
[2025-08-24T13:29:20.620+0530][gc,marking  ] GC(2) Concurrent Cleanup for Next Mark
[2025-08-24T13:29:20.621+0530][gc,marking  ] GC(2) Concurrent Cleanup for Next Mark 0.789ms
[2025-08-24T13:29:20.621+0530][gc          ] GC(2) Concurrent Mark Cycle 3.253ms
[2025-08-24T13:29:20.797+0530][gc,start    ] GC(3) Pause Young (Normal) (G1 Evacuation Pause)
[2025-08-24T13:29:20.797+0530][gc,task     ] GC(3) Using 9 workers of 9 for evacuation
[2025-08-24T13:29:20.799+0530][gc,phases   ] GC(3)   Pre Evacuate Collection Set: 0.1ms
[2025-08-24T13:29:20.799+0530][gc,phases   ] GC(3)   Merge Heap Roots: 0.0ms
[2025-08-24T13:29:20.799+0530][gc,phases   ] GC(3)   Evacuate Collection Set: 1.2ms
[2025-08-24T13:29:20.799+0530][gc,phases   ] GC(3)   Post Evacuate Collection Set: 0.2ms
[2025-08-24T13:29:20.799+0530][gc,phases   ] GC(3)   Other: 0.1ms
[2025-08-24T13:29:20.799+0530][gc,heap     ] GC(3) Eden regions: 49->0(44)
[2025-08-24T13:29:20.799+0530][gc,heap     ] GC(3) Survivor regions: 2->7(7)
[2025-08-24T13:29:20.799+0530][gc,heap     ] GC(3) Old regions: 8->8
[2025-08-24T13:29:20.799+0530][gc,heap     ] GC(3) Archive regions: 2->2
[2025-08-24T13:29:20.799+0530][gc,heap     ] GC(3) Humongous regions: 129->129
[2025-08-24T13:29:20.799+0530][gc,metaspace] GC(3) Metaspace: 32710K(32896K)->32710K(32896K) NonClass: 29031K(29120K)->29031K(29120K) Class: 3678K(3776K)->3678K(3776K)
[2025-08-24T13:29:20.799+0530][gc          ] GC(3) Pause Young (Normal) (G1 Evacuation Pause) 188M->144M(1024M) 1.511ms
[2025-08-24T13:29:20.799+0530][gc,cpu      ] GC(3) User=0.01s Sys=0.00s Real=0.00s
[2025-08-24T13:29:55.168+0530][gc,start    ] GC(4) Pause Young (Concurrent Start) (Metadata GC Threshold)
[2025-08-24T13:29:55.168+0530][gc,task     ] GC(4) Using 9 workers of 9 for evacuation
[2025-08-24T13:29:55.170+0530][gc,phases   ] GC(4)   Pre Evacuate Collection Set: 0.1ms
[2025-08-24T13:29:55.170+0530][gc,phases   ] GC(4)   Merge Heap Roots: 0.0ms
[2025-08-24T13:29:55.170+0530][gc,phases   ] GC(4)   Evacuate Collection Set: 1.3ms
[2025-08-24T13:29:55.170+0530][gc,phases   ] GC(4)   Post Evacuate Collection Set: 0.1ms
[2025-08-24T13:29:55.170+0530][gc,phases   ] GC(4)   Other: 0.2ms
[2025-08-24T13:29:55.170+0530][gc,heap     ] GC(4) Eden regions: 16->0(49)
[2025-08-24T13:29:55.170+0530][gc,heap     ] GC(4) Survivor regions: 7->2(7)
[2025-08-24T13:29:55.170+0530][gc,heap     ] GC(4) Old regions: 8->15
[2025-08-24T13:29:55.170+0530][gc,heap     ] GC(4) Archive regions: 2->2
[2025-08-24T13:29:55.170+0530][gc,heap     ] GC(4) Humongous regions: 129->129
[2025-08-24T13:29:55.170+0530][gc,metaspace] GC(4) Metaspace: 35866K(36096K)->35866K(36096K) NonClass: 31695K(31808K)->31695K(31808K) Class: 4171K(4288K)->4171K(4288K)
[2025-08-24T13:29:55.170+0530][gc          ] GC(4) Pause Young (Concurrent Start) (Metadata GC Threshold) 160M->145M(1024M) 1.826ms
[2025-08-24T13:29:55.170+0530][gc,cpu      ] GC(4) User=0.01s Sys=0.00s Real=0.01s
[2025-08-24T13:29:55.170+0530][gc          ] GC(5) Concurrent Mark Cycle
[2025-08-24T13:29:55.170+0530][gc,marking  ] GC(5) Concurrent Clear Claimed Marks
[2025-08-24T13:29:55.170+0530][gc,marking  ] GC(5) Concurrent Clear Claimed Marks 0.007ms
[2025-08-24T13:29:55.170+0530][gc,marking  ] GC(5) Concurrent Scan Root Regions
[2025-08-24T13:29:55.171+0530][gc,marking  ] GC(5) Concurrent Scan Root Regions 1.165ms
[2025-08-24T13:29:55.171+0530][gc,marking  ] GC(5) Concurrent Mark
[2025-08-24T13:29:55.171+0530][gc,marking  ] GC(5) Concurrent Mark From Roots
[2025-08-24T13:29:55.171+0530][gc,task     ] GC(5) Using 2 workers of 2 for marking
[2025-08-24T13:29:55.173+0530][gc,marking  ] GC(5) Concurrent Mark From Roots 1.778ms
[2025-08-24T13:29:55.173+0530][gc,marking  ] GC(5) Concurrent Preclean
[2025-08-24T13:29:55.173+0530][gc,marking  ] GC(5) Concurrent Preclean 0.021ms
[2025-08-24T13:29:55.173+0530][gc,start    ] GC(5) Pause Remark
[2025-08-24T13:29:55.173+0530][gc          ] GC(5) Pause Remark 146M->146M(1024M) 0.530ms
[2025-08-24T13:29:55.173+0530][gc,cpu      ] GC(5) User=0.00s Sys=0.00s Real=0.00s
[2025-08-24T13:29:55.173+0530][gc,marking  ] GC(5) Concurrent Mark 2.415ms
[2025-08-24T13:29:55.173+0530][gc,marking  ] GC(5) Concurrent Rebuild Remembered Sets
[2025-08-24T13:29:55.175+0530][gc,marking  ] GC(5) Concurrent Rebuild Remembered Sets 1.922ms
[2025-08-24T13:29:55.175+0530][gc,start    ] GC(5) Pause Cleanup
[2025-08-24T13:29:55.175+0530][gc          ] GC(5) Pause Cleanup 146M->146M(1024M) 0.046ms
[2025-08-24T13:29:55.175+0530][gc,cpu      ] GC(5) User=0.00s Sys=0.00s Real=0.00s
[2025-08-24T13:29:55.175+0530][gc,marking  ] GC(5) Concurrent Cleanup for Next Mark
[2025-08-24T13:29:55.176+0530][gc,marking  ] GC(5) Concurrent Cleanup for Next Mark 0.925ms
[2025-08-24T13:29:55.176+0530][gc          ] GC(5) Concurrent Mark Cycle 6.607ms
[2025-08-24T14:13:54.028+0530][gc,start    ] GC(6) Pause Young (Normal) (G1 Evacuation Pause)
[2025-08-24T14:13:54.028+0530][gc,task     ] GC(6) Using 9 workers of 9 for evacuation
[2025-08-24T14:13:54.030+0530][gc,phases   ] GC(6)   Pre Evacuate Collection Set: 0.2ms
[2025-08-24T14:13:54.030+0530][gc,phases   ] GC(6)   Merge Heap Roots: 0.0ms
[2025-08-24T14:13:54.030+0530][gc,phases   ] GC(6)   Evacuate Collection Set: 1.3ms
[2025-08-24T14:13:54.030+0530][gc,phases   ] GC(6)   Post Evacuate Collection Set: 0.2ms
[2025-08-24T14:13:54.030+0530][gc,phases   ] GC(6)   Other: 0.3ms
[2025-08-24T14:13:54.030+0530][gc,heap     ] GC(6) Eden regions: 49->0(48)
[2025-08-24T14:13:54.030+0530][gc,heap     ] GC(6) Survivor regions: 2->3(7)
[2025-08-24T14:13:54.030+0530][gc,heap     ] GC(6) Old regions: 15->15
[2025-08-24T14:13:54.030+0530][gc,heap     ] GC(6) Archive regions: 2->2
[2025-08-24T14:13:54.030+0530][gc,heap     ] GC(6) Humongous regions: 129->129
[2025-08-24T14:13:54.030+0530][gc,metaspace] GC(6) Metaspace: 39493K(40000K)->39493K(40000K) NonClass: 34729K(35008K)->34729K(35008K) Class: 4764K(4992K)->4764K(4992K)
[2025-08-24T14:13:54.030+0530][gc          ] GC(6) Pause Young (Normal) (G1 Evacuation Pause) 194M->146M(1024M) 1.978ms
[2025-08-24T14:13:54.030+0530][gc,cpu      ] GC(6) User=0.01s Sys=0.01s Real=0.01s
[2025-08-24T14:20:14.754+0530][gc,start    ] GC(7) Pause Young (Normal) (G1 Evacuation Pause)
[2025-08-24T14:20:14.756+0530][gc,task     ] GC(7) Using 9 workers of 9 for evacuation
[2025-08-24T14:20:14.761+0530][gc,phases   ] GC(7)   Pre Evacuate Collection Set: 0.2ms
[2025-08-24T14:20:14.761+0530][gc,phases   ] GC(7)   Merge Heap Roots: 0.1ms
[2025-08-24T14:20:14.761+0530][gc,phases   ] GC(7)   Evacuate Collection Set: 4.4ms
[2025-08-24T14:20:14.761+0530][gc,phases   ] GC(7)   Post Evacuate Collection Set: 0.7ms
[2025-08-24T14:20:14.761+0530][gc,phases   ] GC(7)   Other: 1.8ms
[2025-08-24T14:20:14.762+0530][gc,heap     ] GC(7) Eden regions: 48->0(46)
[2025-08-24T14:20:14.762+0530][gc,heap     ] GC(7) Survivor regions: 3->5(7)
[2025-08-24T14:20:14.762+0530][gc,heap     ] GC(7) Old regions: 15->15
[2025-08-24T14:20:14.762+0530][gc,heap     ] GC(7) Archive regions: 2->2
[2025-08-24T14:20:14.762+0530][gc,heap     ] GC(7) Humongous regions: 129->129
[2025-08-24T14:20:14.762+0530][gc,metaspace] GC(7) Metaspace: 42258K(42880K)->42258K(42880K) NonClass: 37168K(37504K)->37168K(37504K) Class: 5089K(5376K)->5089K(5376K)
[2025-08-24T14:20:14.762+0530][gc          ] GC(7) Pause Young (Normal) (G1 Evacuation Pause) 194M->148M(1024M) 7.350ms
[2025-08-24T14:20:14.762+0530][gc,cpu      ] GC(7) User=0.02s Sys=0.00s Real=0.01s
[2025-08-24T14:28:13.485+0530][gc,start    ] GC(8) Pause Young (Normal) (G1 Evacuation Pause)
[2025-08-24T14:28:13.487+0530][gc,task     ] GC(8) Using 9 workers of 9 for evacuation
[2025-08-24T14:28:13.494+0530][gc,phases   ] GC(8)   Pre Evacuate Collection Set: 0.3ms
[2025-08-24T14:28:13.494+0530][gc,phases   ] GC(8)   Merge Heap Roots: 0.2ms
[2025-08-24T14:28:13.494+0530][gc,phases   ] GC(8)   Evacuate Collection Set: 5.7ms
[2025-08-24T14:28:13.494+0530][gc,phases   ] GC(8)   Post Evacuate Collection Set: 0.8ms
[2025-08-24T14:28:13.494+0530][gc,phases   ] GC(8)   Other: 1.9ms
[2025-08-24T14:28:13.494+0530][gc,heap     ] GC(8) Eden regions: 46->0(47)
[2025-08-24T14:28:13.494+0530][gc,heap     ] GC(8) Survivor regions: 5->4(7)
[2025-08-24T14:28:13.494+0530][gc,heap     ] GC(8) Old regions: 15->17
[2025-08-24T14:28:13.494+0530][gc,heap     ] GC(8) Archive regions: 2->2
[2025-08-24T14:28:13.494+0530][gc,heap     ] GC(8) Humongous regions: 129->129
[2025-08-24T14:28:13.494+0530][gc,metaspace] GC(8) Metaspace: 42646K(43200K)->42646K(43200K) NonClass: 37554K(37824K)->37554K(37824K) Class: 5092K(5376K)->5092K(5376K)
[2025-08-24T14:28:13.494+0530][gc          ] GC(8) Pause Young (Normal) (G1 Evacuation Pause) 194M->149M(1024M) 9.000ms
[2025-08-24T14:28:13.494+0530][gc,cpu      ] GC(8) User=0.03s Sys=0.00s Real=0.01s
