[2025-08-24T13:27:37.079+0530][gc] Using G1
[2025-08-24T13:27:37.080+0530][gc,init] Version: 17.0.10+11-LTS-240 (release)
[2025-08-24T13:27:37.080+0530][gc,init] CPUs: 10 total, 10 available
[2025-08-24T13:27:37.080+0530][gc,init] Memory: 16384M
[2025-08-24T13:27:37.080+0530][gc,init] Large Page Support: Disabled
[2025-08-24T13:27:37.080+0530][gc,init] NUMA Support: Disabled
[2025-08-24T13:27:37.080+0530][gc,init] Compressed Oops: Enabled (Zero based)
[2025-08-24T13:27:37.080+0530][gc,init] Heap Region Size: 1M
[2025-08-24T13:27:37.080+0530][gc,init] Heap Min Capacity: 512M
[2025-08-24T13:27:37.080+0530][gc,init] Heap Initial Capacity: 512M
[2025-08-24T13:27:37.080+0530][gc,init] Heap Max Capacity: 512M
[2025-08-24T13:27:37.080+0530][gc,init] Pre-touch: Disabled
[2025-08-24T13:27:37.080+0530][gc,init] Parallel Workers: 9
[2025-08-24T13:27:37.080+0530][gc,init] Concurrent Workers: 2
[2025-08-24T13:27:37.080+0530][gc,init] Concurrent Refinement Workers: 9
[2025-08-24T13:27:37.080+0530][gc,init] Periodic GC: Disabled
[2025-08-24T13:27:37.082+0530][gc,metaspace] CDS archive(s) mapped at: [0x000000b000000000-0x000000b000be0000-0x000000b000be0000), size 12451840, SharedBaseAddress: 0x000000b000000000, ArchiveRelocationMode: 1.
[2025-08-24T13:27:37.082+0530][gc,metaspace] Compressed class space mapped at: 0x000000b001000000-0x000000b041000000, reserved size: 1073741824
[2025-08-24T13:27:37.082+0530][gc,metaspace] Narrow klass base: 0x000000b000000000, Narrow klass shift: 0, Narrow klass range: 0x100000000
[2025-08-24T13:29:20.375+0530][gc,start    ] GC(0) Pause Young (Normal) (G1 Evacuation Pause)
[2025-08-24T13:29:20.375+0530][gc,task     ] GC(0) Using 9 workers of 9 for evacuation
[2025-08-24T13:29:20.376+0530][gc,phases   ] GC(0)   Pre Evacuate Collection Set: 0.0ms
[2025-08-24T13:29:20.376+0530][gc,phases   ] GC(0)   Merge Heap Roots: 0.0ms
[2025-08-24T13:29:20.376+0530][gc,phases   ] GC(0)   Evacuate Collection Set: 1.6ms
[2025-08-24T13:29:20.376+0530][gc,phases   ] GC(0)   Post Evacuate Collection Set: 0.1ms
[2025-08-24T13:29:20.376+0530][gc,phases   ] GC(0)   Other: 0.2ms
[2025-08-24T13:29:20.376+0530][gc,heap     ] GC(0) Eden regions: 25->0(21)
[2025-08-24T13:29:20.376+0530][gc,heap     ] GC(0) Survivor regions: 0->4(4)
[2025-08-24T13:29:20.376+0530][gc,heap     ] GC(0) Old regions: 0->5
[2025-08-24T13:29:20.376+0530][gc,heap     ] GC(0) Archive regions: 2->2
[2025-08-24T13:29:20.376+0530][gc,heap     ] GC(0) Humongous regions: 0->0
[2025-08-24T13:29:20.377+0530][gc,metaspace] GC(0) Metaspace: 7776K(7936K)->7776K(7936K) NonClass: 6893K(6976K)->6893K(6976K) Class: 882K(960K)->882K(960K)
[2025-08-24T13:29:20.377+0530][gc          ] GC(0) Pause Young (Normal) (G1 Evacuation Pause) 25M->9M(512M) 1.983ms
[2025-08-24T13:29:20.377+0530][gc,cpu      ] GC(0) User=0.01s Sys=0.00s Real=0.00s
